<程序>: 2587 2589 
2587: <函数定义>
<函数定义>: <类型声明> '(' 2515 ')' 2518 <语句块> 2585 
<类型声明>: int func1
'(': (
2515: <类型声明> 2513
<类型声明>: int a
2513: 2508 ',' 2510 <类型声明> 2513
2508: #
',': ,
2510: <空格>
<空格>:
<类型声明>: int b
2513: #
')': )
2518: <空格>
<空格>: 

<语句块>: '{' 2520 2581 '}'
'{': {
2520: <空格>
<空格>:

2581: 2580 2581 
2580: <语句> 2578
<语句>: <return语句>
<return语句>: 'return' <空格> 2572 ';' 
'return': return
<空格>:
2572: <表达式>
<表达式>: <逻辑表达式> 2554 
<逻辑表达式>: <加法表达式> 2549
<加法表达式>: <乘法表达式> 2544
<乘法表达式>: <因子> 2539 
<因子>: 2533 2534
2533: <括号表达式>
<括号表达式>: '(' <表达式> ')'
'(': (
<表达式>: <逻辑表达式> 2554
<逻辑表达式>: <加法表达式> 2549
<加法表达式>: <乘法表达式> 2544 
<乘法表达式>: <因子> 2539
<因子>: 2533 2534 
2533: <变量>
<变量>: <标识符> 2531
<标识符>: a
2531: #
2534: <空格> 
<空格>:
2539: #
2544: [+#x2D] 2541 <乘法表达式> 2544 
[+#x2D]: +
2541: <空格>
<空格>:
<乘法表达式>: <因子> 2539
<因子>: 2533 2534 
2533: <变量>
<变量>: <标识符> 2531
<标识符>: b
2531: #
2534: #
2539: #
2544: #
2549: #
2554: #
')': )
2534: #
2539: #
2544: #
2549: #
2554: #
';': ;
2578: <空格>
<空格>:

2581: #
'}': }
2585: <空格> 
<空格>:

2589: 2588 2589
2588: <函数定义>
<函数定义>: <类型声明> '(' 2515 ')' 2518 <语句块> 2585 
<类型声明>: int main
'(': (
2515: #
')': )
2518: <空格>
<空格>:

<语句块>: '{' 2520 2581 '}' 
'{': {
2520: <空格>
<空格>:

2581: 2580 2581
2580: <声明> 
<声明>: extern int a;

2581: 2580 2581
2580: <语句> 2578
<语句>: <while语句>
<while语句>: 'while' 2563 <括号表达式> 2566 2568 
'while': while
2563: <空格>
<空格>:
<括号表达式>: '(' <表达式> ')'
'(': (
<表达式>: <逻辑表达式> 2554
<逻辑表达式>: <加法表达式> 2549
<加法表达式>: <乘法表达式> 2544 
<乘法表达式>: <因子> 2539
<因子>: 2533 2534
2533: <变量>
<变量>: <标识符> 2531
<标识符>: a
2531: #
2534: #
2539: #
2544: #
2549: #
2554: #
')': )
2566: <空格> 
<空格>:

2568: <语句>
<语句>: <表达式> ';'
<表达式>: <逻辑表达式> 2554 
<逻辑表达式>: <加法表达式> 2549
<加法表达式>: <乘法表达式> 2544
<乘法表达式>: <因子> 2539 
<因子>: 2533 2534
2533: <变量>
<变量>: <标识符> 2531
<标识符>: b
2531: #
2534: <空格> 
<空格>:
2539: #
2544: #
2549: #
2554: '=' 2551 <逻辑表达式> 2554
'=': =
2551: <空格> 
<空格>:
<逻辑表达式>: <加法表达式> 2549
<加法表达式>: <乘法表达式> 2544
<乘法表达式>: <因子> 2539
<因子>: 2533 2534
2533: <变量>
<变量>: <标识符> 2531 
<标识符>: a
2531: #
2534: <空格>
<空格>:
2539: #
2544: [+#x2D] 2541 <乘法表达式> 2544 
[+#x2D]: +
2541: <空格>
<空格>:
<乘法表达式>: <因子> 2539
<因子>: 2533 2534 
2533: <变量>
<变量>: <标识符> 2531
<标识符>: c
2531: #
2534: <空格> 
<空格>:
2539: [*/] 2536 <因子> 2539
[*/]: *
2536: <空格>
<空格>:
<因子>: 2533 2534 
2533: <变量>
<变量>: <标识符> 2531
<标识符>: e
2531: #
2534: #
2539: #
2544: #
2549: #
2554: #
';': ;
2578: <空格>
<空格>:

2581: 2580 2581
2580: <语句> 2578 
<语句>: <表达式> ';'
<表达式>: <逻辑表达式> 2554
<逻辑表达式>: <加法表达式> 2549
<加法表达式>: <乘法表达式> 2544 
<乘法表达式>: <因子> 2539
<因子>: 2533 2534
2533: <变量>
<变量>: <标识符> 2531 
<标识符>: c
2531: #
2534: #
2539: #
2544: #
2549: #
2554: #
';': ;
2578: <空格> 
<空格>:

2581: 2580 2581
2580: <语句> 2578
<语句>: <return语句>
<return语句>: 'return' <空格> 2572 ';' 
'return': return
<空格>:
2572: <表达式>
<表达式>: <逻辑表达式> 2554 
<逻辑表达式>: <加法表达式> 2549
<加法表达式>: <乘法表达式> 2544
<乘法表达式>: <因子> 2539 
<因子>: 2533 2534
2533: <数值>
<数值>: 0
2534: #
2539: #
2544: #
2549: #
2554: #
';': ;
2578: <空格>
<空格>:

2581: #
'}': }
2585: <空格>
<空格>:

2589: #

success












<程序>: 2587 2589 
2587: <函数定义>
<函数定义>: <类型声明> '(' 2515 ')' 2518 <语句块> 2585 
<类型声明>: int func1
'(': (
2515: <类型声明> 2513
<类型声明>: int a
2513: 2508 ',' 2510 <类型声明> 2513
2508: #
',': ,
2510: <空格>
<空格>:  
<类型声明>: int b
2513: #
')': )
2518: <空格>
<空格>:

<语句块>: '{' 2520 2581 '}'
'{': {
2520: <空格>
<空格>:

2581: #
'}': #
2585: #
2589: #

failure